app/(dashboard)/dashboard/settings/account-verification/main-components/VerificationSteps.tsx(139,34): error TS2322: Type '{ onNext: () => Promise<void>; }' is not assignable to type 'IntrinsicAttributes'.
  Property 'onNext' does not exist on type 'IntrinsicAttributes'.
app/(oly-auto)/auto/components/AutoSearchSteps.tsx(54,7): error TS2322: Type 'ZodObject<{ phoneNumber: ZodString; verificationCode: ZodEffects<ZodOptional<ZodString>, string | undefined, string | undefined>; ... 11 more ...; repVerificationCode: ZodEffects<...>; }, "strip", ZodTypeAny, { ...; }, { ...; }>' is not assignable to type 'ZodType<FormData, ZodTypeDef, FormData>'.
  Types of property '_type' are incompatible.
    Type '{ province: string; city: string; suburb: string; postalCode: string; phoneNumber: string; businessName: string; regNumber: string; taxNumber: string; street: string; repSelfie: string; repPhoneNumber: string; verificationCode?: string | undefined; repIdFile?: any; repVerificationCode?: string | undefined; }' is missing the following properties from type 'FormData': idFile, selfie
app/(root)/page.tsx(65,44): error TS2322: Type '{ _id: string; title: string | null; slug: { current: string | null; } | null; secondLevelSubcategories: { _id: string; title: string | null; slug: { current: string | null; } | null; }[] | null; thirdLevelSubcategories: ({ ...; } | null)[] | null; }[] | null' is not assignable to type 'CategoriesQueryResult'.
  Type '{ _id: string; title: string | null; slug: { current: string | null; } | null; secondLevelSubcategories: { _id: string; title: string | null; slug: { current: string | null; } | null; }[] | null; thirdLevelSubcategories: ({ ...; } | null)[] | null; }[]' is not assignable to type 'CategoriesQueryResult'.
app/(root)/test/groupFeedback.ts(12,7): error TS2353: Object literal may only specify known properties, and '"feature-request"' does not exist in type 'Record<FeedbackType, Feedback[]>'.
app/(root)/test/utils/error-handling.utils.ts(116,9): error TS2353: Object literal may only specify known properties, and 'minRequired' does not exist in type 'Partial<ErrorContext>'.
app/api/listing/route.ts(36,21): error TS2339: Property 'id' does not exist on type 'never'.
